[2m2026-05-18T19:40:11.676682Z[0m [32m INFO[0m [2mtahoma_cli[0m[2m:[0m tahoma worker starting [3mengine[0m[2m=[0mSparseMoe [3mrank[0m[2m=[0m0 [3mtotal[0m[2m=[0m1 [3mdevice[0m[2m=[0mCPU [3mmodel[0m[2m=[0m/tmp/k26-model-miner
[2m2026-05-18T19:40:11.676918Z[0m [32m INFO[0m [2mtahoma_runner[0m[2m:[0m runner connect [3mupstream[0m[2m=[0mNone [3mdownstream[0m[2m=[0mNone
[2m2026-05-18T19:40:11.676954Z[0m [32m INFO[0m [2mtahoma_runner[0m[2m:[0m runner load
[2m2026-05-18T19:40:11.677671Z[0m [32m INFO[0m [2mtahoma_engine_sparse_moe::runner[0m[2m:[0m loading sparse-MoE model [3march[0m[2m=[0mkimi_k2.6 [3mnum_layers[0m[2m=[0m61 [3mnum_experts[0m[2m=[0m384 [3mtop_k[0m[2m=[0m8 [3mlayer_start[0m[2m=[0m0 [3mlayer_end[0m[2m=[0m4294967295 [3mis_first[0m[2m=[0mtrue [3mis_last[0m[2m=[0mtrue
[2m2026-05-18T19:40:13.348632Z[0m [32m INFO[0m [2mtahoma_engine_sparse_moe::runner[0m[2m:[0m compiled head (RMSNorm + lm_head)
[2m2026-05-18T19:40:18.054014Z[0m [32m INFO[0m [2mtahoma_engine_sparse_moe::runner[0m[2m:[0m constructed Rust int4 layer 0 + embed_tokens mmap
[2m2026-05-18T19:40:18.054060Z[0m [32m INFO[0m [2mtahoma_engine_sparse_moe::runner[0m[2m:[0m this rank holds 60 MoE layers (of 60 total)
[2m2026-05-18T19:40:31.254705Z[0m [32m INFO[0m [2mtahoma_engine_sparse_moe::runner[0m[2m:[0m loaded int4 shells 10/60 (13.2s elapsed)
[2m2026-05-18T19:40:44.292794Z[0m [32m INFO[0m [2mtahoma_engine_sparse_moe::runner[0m[2m:[0m loaded int4 shells 20/60 (26.2s elapsed)
[2m2026-05-18T19:40:57.229994Z[0m [32m INFO[0m [2mtahoma_engine_sparse_moe::runner[0m[2m:[0m loaded int4 shells 30/60 (39.2s elapsed)
[2m2026-05-18T19:41:10.367170Z[0m [32m INFO[0m [2mtahoma_engine_sparse_moe::runner[0m[2m:[0m loaded int4 shells 40/60 (52.3s elapsed)
[2m2026-05-18T19:41:23.318366Z[0m [32m INFO[0m [2mtahoma_engine_sparse_moe::runner[0m[2m:[0m loaded int4 shells 50/60 (65.3s elapsed)
[2m2026-05-18T19:41:36.506468Z[0m [32m INFO[0m [2mtahoma_engine_sparse_moe::runner[0m[2m:[0m loaded int4 shells 60/60 (78.5s elapsed)
[2m2026-05-18T19:41:36.506517Z[0m [32m INFO[0m [2mtahoma_engine_sparse_moe::runner[0m[2m:[0m expert backend: safetensors_bin (shared with shell source)
[2m2026-05-18T19:41:36.506751Z[0m [32m INFO[0m [2mtahoma_engine_sparse_moe::runner[0m[2m:[0m set_attention_window [3mattention_window[0m[2m=[0mNone
[2m2026-05-18T19:41:37.176659Z[0m [32m INFO[0m [2mtahoma_runner[0m[2m:[0m load progress loading sparse-MoE model
[2m2026-05-18T19:41:37.176710Z[0m [32m INFO[0m [2mtahoma_runner[0m[2m:[0m runner build engine
[2m2026-05-18T19:41:37.176724Z[0m [32m INFO[0m [2mtahoma_runner[0m[2m:[0m runner warmup
[2m2026-05-18T19:41:37.176732Z[0m [32m INFO[0m [2mtahoma_engine_sparse_moe::engine[0m[2m:[0m warmup: generating 1 token to warm caches
[2m2026-05-18T19:41:37.177682Z[0m [32m INFO[0m [2mtahoma_engine_sparse_moe::runner[0m[2m:[0m prefill (token-by-token) [3mprompt_len[0m[2m=[0m1
[2m2026-05-18T19:41:47.690423Z[0m [32m INFO[0m [2mtahoma_engine_sparse_moe::runner[0m[2m:[0m prefill 1/1 elapsed=10.5s
[2m2026-05-18T19:41:47.690464Z[0m [32m INFO[0m [2mtahoma_engine_sparse_moe::runner[0m[2m:[0m prefill done [3msecs[0m[2m=[0m10.512759343 [3mtok_per_s[0m[2m=[0m0.095122504698622
[2m2026-05-18T19:41:47.690765Z[0m [32m INFO[0m [2mtahoma_runner[0m[2m:[0m runner ready
[2m2026-05-18T19:41:47.692521Z[0m [32m INFO[0m [2mtahoma_cli[0m[2m:[0m no chat_template found; /v1/chat/completions will use legacy formatting [3mmodel[0m[2m=[0m/tmp/k26-model-miner
[2m2026-05-18T19:41:47.692688Z[0m [32m INFO[0m [2mtahoma_cli[0m[2m:[0m API serving [3mhost[0m[2m=[0m0.0.0.0 [3mport[0m[2m=[0m8000
[2m2026-05-18T19:42:28.136639Z[0m [32m INFO[0m [2mtahoma_engine_sparse_moe::runner[0m[2m:[0m prefill (token-by-token) [3mprompt_len[0m[2m=[0m7
[2m2026-05-18T19:43:43.906399Z[0m [32m INFO[0m [2mtahoma_engine_sparse_moe::runner[0m[2m:[0m prefill 7/7 elapsed=75.8s
[2m2026-05-18T19:43:43.908011Z[0m [32m INFO[0m [2mtahoma_engine_sparse_moe::runner[0m[2m:[0m prefill done [3msecs[0m[2m=[0m75.771319212 [3mtok_per_s[0m[2m=[0m0.09238324042392285
[2m2026-05-18T20:00:22.109688Z[0m [32m INFO[0m [2mtahoma_engine_sparse_moe::engine[0m[2m:[0m task done (single-stage) [3mtask[0m[2m=[0mchatcmpl-0248a81a66f348e4840c447648a874c2 [3mtokens[0m[2m=[0m128 [3melapsed_s[0m[2m=[0m1073.971768014 [3mtok_s[0m[2m=[0m0.11918376610280823
