[2m2026-05-19T09:19:22.162430Z[0m [32m INFO[0m [2mtahoma_engine_sparse_moe::runner[0m[2m:[0m set_top_k_override [3mtop_k_override[0m[2m=[0mSome(6) [3mmanifest_top_k[0m[2m=[0m8
[2m2026-05-19T09:19:22.162510Z[0m [32m INFO[0m [2mtahoma_engine_sparse_moe::runner[0m[2m:[0m set_prefetch_n [3mprefetch_n[0m[2m=[0m8 [3mtopk[0m[2m=[0m8 [3mn_routed[0m[2m=[0m384
[2m2026-05-19T09:19:22.162522Z[0m [32m INFO[0m [2mtahoma_engine_sparse_moe::runner[0m[2m:[0m set_pin_after_tokens [3mpin_after_tokens[0m[2m=[0m8
[2m2026-05-19T09:19:22.162534Z[0m [32m INFO[0m [2mtahoma_engine_sparse_moe::runner[0m[2m:[0m set_pin_top_n: rlimit_memlock OK [3mpin_top_n[0m[2m=[0m16 [3mnum_layers[0m[2m=[0m60 [3mestimated_total_mb[0m[2m=[0m20160 [3mrlimit_memlock_soft_mb[0m[2m=[0m18446744073709551615
[2m2026-05-19T09:19:22.162550Z[0m [32m INFO[0m [2mtahoma_engine_sparse_moe::runner[0m[2m:[0m set_cache_aware_dispatch [3mcache_aware_dispatch[0m[2m=[0mtrue
[2m2026-05-19T09:19:22.162559Z[0m [32m INFO[0m [2mtahoma_engine_sparse_moe::runner[0m[2m:[0m set_speculative_prefetch_n [3mspeculative_prefetch_n[0m[2m=[0mNone [3mn_routed[0m[2m=[0m384
[2m2026-05-19T09:19:22.162574Z[0m [32m INFO[0m [2mtahoma_engine_sparse_moe::runner[0m[2m:[0m set_prefill_hint_weight [3mprefill_hint_weight[0m[2m=[0m0.5 [3menabled[0m[2m=[0mtrue
[2m2026-05-19T09:19:38.368472Z[0m [32m INFO[0m [2mtahoma_engine_sparse_moe::runner[0m[2m:[0m exit_prefill_and_merge_hints [3mprefill_hint_weight[0m[2m=[0m0.5 [3mentries_merged[0m[2m=[0m360
[2m2026-05-19T09:20:29.944614Z[0m [32m INFO[0m [2mtahoma_engine_sparse_moe::runner[0m[2m:[0m hot expert buffers built [3mn[0m[2m=[0m8 [3mlayers_built[0m[2m=[0m60 [3mbytes_mib[0m[2m=[0m11340.0
[2m2026-05-19T09:21:07.564890Z[0m [32m INFO[0m [2mtahoma_engine_sparse_moe::runner[0m[2m:[0m exit_prefill_and_merge_hints [3mprefill_hint_weight[0m[2m=[0m0.5 [3mentries_merged[0m[2m=[0m1767
[2m2026-05-19T09:21:19.014689Z[0m [32m INFO[0m [2mtahoma_engine_sparse_moe::runner[0m[2m:[0m pin_top_n_per_layer done [3mn[0m[2m=[0m16 [3mexperts_pinned[0m[2m=[0m960 [3mbytes_pinned[0m[2m=[0m23781703680 [3mtotal_pinned_experts[0m[2m=[0m960 [3mtotal_pinned_bytes[0m[2m=[0m23781703680
[2m2026-05-19T09:27:48.493035Z[0m [32m INFO[0m [2mtahoma_engine_sparse_moe::engine[0m[2m:[0m task done (single-stage) [3mtask[0m[2m=[0mchatcmpl-74db07b0687b49de9fdb81b80074e40a [3mtokens[0m[2m=[0m64 [3melapsed_s[0m[2m=[0m481.344099384 [3mtok_s[0m[2m=[0m0.13296101496186197
[2m2026-05-19T09:28:55.210408Z[0m [32m INFO[0m [2mtahoma_engine_sparse_moe::runner[0m[2m:[0m exit_prefill_and_merge_hints [3mprefill_hint_weight[0m[2m=[0m0.5 [3mentries_merged[0m[2m=[0m2069
[2m2026-05-19T09:35:14.283882Z[0m [32m INFO[0m [2mtahoma_engine_sparse_moe::engine[0m[2m:[0m task done (single-stage) [3mtask[0m[2m=[0mchatcmpl-48b641d664174380bbe04db82d400c3a [3mtokens[0m[2m=[0m64 [3melapsed_s[0m[2m=[0m445.722856662 [3mtok_s[0m[2m=[0m0.14358698245652768
[2m2026-05-19T09:36:02.415704Z[0m [32m INFO[0m [2mtahoma_engine_sparse_moe::runner[0m[2m:[0m exit_prefill_and_merge_hints [3mprefill_hint_weight[0m[2m=[0m0.5 [3mentries_merged[0m[2m=[0m1567
[2m2026-05-19T09:43:16.982450Z[0m [32m INFO[0m [2mtahoma_engine_sparse_moe::engine[0m[2m:[0m task done (single-stage) [3mtask[0m[2m=[0mchatcmpl-9c325fcce1dc4aae86e490884a46ac14 [3mtokens[0m[2m=[0m64 [3melapsed_s[0m[2m=[0m482.61912812 [3mtok_s[0m[2m=[0m0.1326097460109099
[2m2026-05-19T09:44:21.628622Z[0m [32m INFO[0m [2mtahoma_engine_sparse_moe::runner[0m[2m:[0m exit_prefill_and_merge_hints [3mprefill_hint_weight[0m[2m=[0m0.5 [3mentries_merged[0m[2m=[0m2114
[2m2026-05-19T09:51:12.372319Z[0m [32m INFO[0m [2mtahoma_engine_sparse_moe::engine[0m[2m:[0m task done (single-stage) [3mtask[0m[2m=[0mchatcmpl-2a0b929c49a246d9a49b067dbd33ee50 [3mtokens[0m[2m=[0m64 [3melapsed_s[0m[2m=[0m475.308232245 [3mtok_s[0m[2m=[0m0.13464946672123046
[2m2026-05-19T09:52:24.302500Z[0m [32m INFO[0m [2mtahoma_engine_sparse_moe::runner[0m[2m:[0m exit_prefill_and_merge_hints [3mprefill_hint_weight[0m[2m=[0m0.5 [3mentries_merged[0m[2m=[0m2184
[2m2026-05-19T09:58:41.355700Z[0m [32m INFO[0m [2mtahoma_engine_sparse_moe::engine[0m[2m:[0m task done (single-stage) [3mtask[0m[2m=[0mchatcmpl-12fe8cdec3674e439833611ef535d975 [3mtokens[0m[2m=[0m64 [3melapsed_s[0m[2m=[0m448.892039098 [3mtok_s[0m[2m=[0m0.14257325687619918
[2m2026-05-19T09:59:42.752760Z[0m [32m INFO[0m [2mtahoma_engine_sparse_moe::runner[0m[2m:[0m exit_prefill_and_merge_hints [3mprefill_hint_weight[0m[2m=[0m0.5 [3mentries_merged[0m[2m=[0m1979
[2m2026-05-19T10:06:41.397657Z[0m [32m INFO[0m [2mtahoma_engine_sparse_moe::engine[0m[2m:[0m task done (single-stage) [3mtask[0m[2m=[0mchatcmpl-bde63a93d4b2492cb021db469dc63b5f [3mtokens[0m[2m=[0m64 [3melapsed_s[0m[2m=[0m479.960991799 [3mtok_s[0m[2m=[0m0.13334416982537234
[2m2026-05-19T10:07:53.864699Z[0m [32m INFO[0m [2mtahoma_engine_sparse_moe::runner[0m[2m:[0m exit_prefill_and_merge_hints [3mprefill_hint_weight[0m[2m=[0m0.5 [3mentries_merged[0m[2m=[0m2002
[2m2026-05-19T10:14:42.091023Z[0m [32m INFO[0m [2mtahoma_engine_sparse_moe::engine[0m[2m:[0m task done (single-stage) [3mtask[0m[2m=[0mchatcmpl-ab2284cdf2a043c88dc1afc291e45e6e [3mtokens[0m[2m=[0m64 [3melapsed_s[0m[2m=[0m480.609966288 [3mtok_s[0m[2m=[0m0.13316411329191774
[2m2026-05-19T10:15:55.068710Z[0m [32m INFO[0m [2mtahoma_engine_sparse_moe::runner[0m[2m:[0m exit_prefill_and_merge_hints [3mprefill_hint_weight[0m[2m=[0m0.5 [3mentries_merged[0m[2m=[0m2124
[2m2026-05-19T10:22:48.788152Z[0m [32m INFO[0m [2mtahoma_engine_sparse_moe::engine[0m[2m:[0m task done (single-stage) [3mtask[0m[2m=[0mchatcmpl-0df0c0dc895445e298c4133ee6ad649d [3mtokens[0m[2m=[0m64 [3melapsed_s[0m[2m=[0m486.623075823 [3mtok_s[0m[2m=[0m0.13151862946852688
[2m2026-05-19T10:23:54.038784Z[0m [32m INFO[0m [2mtahoma_engine_sparse_moe::runner[0m[2m:[0m exit_prefill_and_merge_hints [3mprefill_hint_weight[0m[2m=[0m0.5 [3mentries_merged[0m[2m=[0m1970
[2m2026-05-19T10:29:49.121929Z[0m [32m INFO[0m [2mtahoma_engine_sparse_moe::engine[0m[2m:[0m task done (single-stage) [3mtask[0m[2m=[0mchatcmpl-51233ce50a0c4f4daeea8eb0b397ecc5 [3mtokens[0m[2m=[0m64 [3melapsed_s[0m[2m=[0m420.247929535 [3mtok_s[0m[2m=[0m0.15229105369017604
[2m2026-05-19T10:31:03.902422Z[0m [32m INFO[0m [2mtahoma_engine_sparse_moe::runner[0m[2m:[0m exit_prefill_and_merge_hints [3mprefill_hint_weight[0m[2m=[0m0.5 [3mentries_merged[0m[2m=[0m2344
[2m2026-05-19T10:37:08.190712Z[0m [32m INFO[0m [2mtahoma_engine_sparse_moe::engine[0m[2m:[0m task done (single-stage) [3mtask[0m[2m=[0mchatcmpl-b25b369f621c44a9b954f10aa5259561 [3mtokens[0m[2m=[0m64 [3melapsed_s[0m[2m=[0m438.986364357 [3mtok_s[0m[2m=[0m0.14579040534378152
