[2m2026-05-19T01:41:54.981002Z[0m [32m INFO[0m [2mtahoma_engine_sparse_moe::runner[0m[2m:[0m set_top_k_override [3mtop_k_override[0m[2m=[0mSome(6) [3mmanifest_top_k[0m[2m=[0m8
[2m2026-05-19T01:42:12.496695Z[0m [32m INFO[0m [2mtahoma_cli[0m[2m:[0m API serving [3mhost[0m[2m=[0m0.0.0.0 [3mport[0m[2m=[0m8060
[2m2026-05-19T01:48:34.267520Z[0m [32m INFO[0m [2mtahoma_engine_sparse_moe::engine[0m[2m:[0m task done (single-stage) [3mtask[0m[2m=[0mchatcmpl-ee6240dae3ee4dc0808c290d3f8f1687 [3mtokens[0m[2m=[0m64 [3melapsed_s[0m[2m=[0m354.965374483 [3mtok_s[0m[2m=[0m0.1802992759313911
[2m2026-05-19T01:56:32.662483Z[0m [32m INFO[0m [2mtahoma_engine_sparse_moe::engine[0m[2m:[0m task done (single-stage) [3mtask[0m[2m=[0mchatcmpl-046fdd1eb826402caf3073683625bffb [3mtokens[0m[2m=[0m64 [3melapsed_s[0m[2m=[0m478.328284355 [3mtok_s[0m[2m=[0m0.1337993217070585
[2m2026-05-19T01:56:32.667838Z[0m [32m INFO[0m [2mtahoma_engine_sparse_moe::engine[0m[2m:[0m using n-gram speculative decode [3mtask[0m[2m=[0mchatcmpl-6c21fd4980e44749ab0d29b24508a301 [3mdraft_k[0m[2m=[0m4 [3mlookahead[0m[2m=[0mtrue
[2m2026-05-19T01:56:32.668009Z[0m [32m INFO[0m [2mtahoma_engine_sparse_moe::runner[0m[2m:[0m spec: prefill (token-by-token) [3mprompt_len[0m[2m=[0m7
[2m2026-05-19T01:57:29.592505Z[0m [32m INFO[0m [2mtahoma_engine_sparse_moe::runner[0m[2m:[0m spec: prefill done [3msecs[0m[2m=[0m56.924482145
[2m2026-05-19T02:00:46.440090Z[0m [32m INFO[0m [2mtahoma_engine_sparse_moe::runner[0m[2m:[0m spec_decode done [3mtokens[0m[2m=[0m64 [3mn_rounds[0m[2m=[0m46 [3mtotal_drafts[0m[2m=[0m32 [3mtotal_accepted[0m[2m=[0m17 [3maccept_rate[0m[2m=[0m0.53125
[2m2026-05-19T02:00:46.447797Z[0m [32m INFO[0m [2mtahoma_engine_sparse_moe::engine[0m[2m:[0m task done (single-stage) [3mtask[0m[2m=[0mchatcmpl-6c21fd4980e44749ab0d29b24508a301 [3mtokens[0m[2m=[0m64 [3melapsed_s[0m[2m=[0m253.784752008 [3mtok_s[0m[2m=[0m0.2521822114749532
[2m2026-05-19T02:00:46.519322Z[0m [32m INFO[0m [2mtahoma_engine_sparse_moe::engine[0m[2m:[0m using n-gram speculative decode [3mtask[0m[2m=[0mchatcmpl-9f0d588e33894fb19c5d28e56eccc117 [3mdraft_k[0m[2m=[0m4 [3mlookahead[0m[2m=[0mtrue
[2m2026-05-19T02:00:46.519371Z[0m [32m INFO[0m [2mtahoma_engine_sparse_moe::runner[0m[2m:[0m spec: prefill (token-by-token) [3mprompt_len[0m[2m=[0m9
[2m2026-05-19T02:01:54.926722Z[0m [32m INFO[0m [2mtahoma_engine_sparse_moe::runner[0m[2m:[0m spec: prefill done [3msecs[0m[2m=[0m68.407342344
[2m2026-05-19T02:06:50.353633Z[0m [32m INFO[0m [2mtahoma_engine_sparse_moe::runner[0m[2m:[0m spec_decode done [3mtokens[0m[2m=[0m64 [3mn_rounds[0m[2m=[0m60 [3mtotal_drafts[0m[2m=[0m20 [3mtotal_accepted[0m[2m=[0m3 [3maccept_rate[0m[2m=[0m0.15000000596046448
[2m2026-05-19T02:06:50.480922Z[0m [32m INFO[0m [2mtahoma_engine_sparse_moe::engine[0m[2m:[0m task done (single-stage) [3mtask[0m[2m=[0mchatcmpl-9f0d588e33894fb19c5d28e56eccc117 [3mtokens[0m[2m=[0m64 [3melapsed_s[0m[2m=[0m363.964990742 [3mtok_s[0m[2m=[0m0.17584108809346172
[2m2026-05-19T02:06:50.564497Z[0m [32m INFO[0m [2mtahoma_engine_sparse_moe::engine[0m[2m:[0m using n-gram speculative decode [3mtask[0m[2m=[0mchatcmpl-d7acd877b0614c17b3c0aceee1c29f79 [3mdraft_k[0m[2m=[0m4 [3mlookahead[0m[2m=[0mtrue
[2m2026-05-19T02:06:50.564599Z[0m [32m INFO[0m [2mtahoma_engine_sparse_moe::runner[0m[2m:[0m spec: prefill (token-by-token) [3mprompt_len[0m[2m=[0m6
[2m2026-05-19T02:07:47.372784Z[0m [32m INFO[0m [2mtahoma_engine_sparse_moe::runner[0m[2m:[0m spec: prefill done [3msecs[0m[2m=[0m56.808172701
[2m2026-05-19T02:12:34.189839Z[0m [32m INFO[0m [2mtahoma_engine_sparse_moe::runner[0m[2m:[0m spec_decode done [3mtokens[0m[2m=[0m64 [3mn_rounds[0m[2m=[0m49 [3mtotal_drafts[0m[2m=[0m24 [3mtotal_accepted[0m[2m=[0m14 [3maccept_rate[0m[2m=[0m0.5833333134651184
[2m2026-05-19T02:12:34.258427Z[0m [32m INFO[0m [2mtahoma_engine_sparse_moe::engine[0m[2m:[0m task done (single-stage) [3mtask[0m[2m=[0mchatcmpl-d7acd877b0614c17b3c0aceee1c29f79 [3mtokens[0m[2m=[0m64 [3melapsed_s[0m[2m=[0m343.699909679 [3mtok_s[0m[2m=[0m0.18620895204707233
[2m2026-05-19T02:12:34.351279Z[0m [32m INFO[0m [2mtahoma_engine_sparse_moe::engine[0m[2m:[0m using n-gram speculative decode [3mtask[0m[2m=[0mchatcmpl-4b3d8f9424544ba6974d73386a08a2f1 [3mdraft_k[0m[2m=[0m4 [3mlookahead[0m[2m=[0mtrue
[2m2026-05-19T02:12:34.351408Z[0m [32m INFO[0m [2mtahoma_engine_sparse_moe::runner[0m[2m:[0m spec: prefill (token-by-token) [3mprompt_len[0m[2m=[0m10
[2m2026-05-19T02:13:47.308580Z[0m [32m INFO[0m [2mtahoma_engine_sparse_moe::runner[0m[2m:[0m spec: prefill done [3msecs[0m[2m=[0m72.957157717
[2m2026-05-19T02:17:41.918379Z[0m [32m INFO[0m [2mtahoma_engine_sparse_moe::runner[0m[2m:[0m spec_decode done [3mtokens[0m[2m=[0m64 [3mn_rounds[0m[2m=[0m61 [3mtotal_drafts[0m[2m=[0m60 [3mtotal_accepted[0m[2m=[0m2 [3maccept_rate[0m[2m=[0m0.03333333507180214
[2m2026-05-19T02:17:41.974462Z[0m [32m INFO[0m [2mtahoma_engine_sparse_moe::engine[0m[2m:[0m task done (single-stage) [3mtask[0m[2m=[0mchatcmpl-4b3d8f9424544ba6974d73386a08a2f1 [3mtokens[0m[2m=[0m64 [3melapsed_s[0m[2m=[0m307.630876447 [3mtok_s[0m[2m=[0m0.20804153581451765
[2m2026-05-19T02:17:42.055430Z[0m [32m INFO[0m [2mtahoma_engine_sparse_moe::engine[0m[2m:[0m using n-gram speculative decode [3mtask[0m[2m=[0mchatcmpl-244a9f3951294f0b95b6a4203fd09ea1 [3mdraft_k[0m[2m=[0m4 [3mlookahead[0m[2m=[0mtrue
[2m2026-05-19T02:17:42.055506Z[0m [32m INFO[0m [2mtahoma_engine_sparse_moe::runner[0m[2m:[0m spec: prefill (token-by-token) [3mprompt_len[0m[2m=[0m10
[2m2026-05-19T02:18:55.470529Z[0m [32m INFO[0m [2mtahoma_engine_sparse_moe::runner[0m[2m:[0m spec: prefill done [3msecs[0m[2m=[0m73.415017449
[2m2026-05-19T02:24:30.369667Z[0m [32m INFO[0m [2mtahoma_engine_sparse_moe::runner[0m[2m:[0m spec_decode done [3mtokens[0m[2m=[0m64 [3mn_rounds[0m[2m=[0m43 [3mtotal_drafts[0m[2m=[0m28 [3mtotal_accepted[0m[2m=[0m20 [3maccept_rate[0m[2m=[0m0.7142857313156128
[2m2026-05-19T02:24:30.384032Z[0m [32m INFO[0m [2mtahoma_engine_sparse_moe::engine[0m[2m:[0m task done (single-stage) [3mtask[0m[2m=[0mchatcmpl-244a9f3951294f0b95b6a4203fd09ea1 [3mtokens[0m[2m=[0m64 [3melapsed_s[0m[2m=[0m408.334649078 [3mtok_s[0m[2m=[0m0.15673418884365783
[2m2026-05-19T02:24:30.474556Z[0m [32m INFO[0m [2mtahoma_engine_sparse_moe::engine[0m[2m:[0m using n-gram speculative decode [3mtask[0m[2m=[0mchatcmpl-44ddab48578345ba8187642d08b627ff [3mdraft_k[0m[2m=[0m4 [3mlookahead[0m[2m=[0mtrue
[2m2026-05-19T02:24:30.474680Z[0m [32m INFO[0m [2mtahoma_engine_sparse_moe::runner[0m[2m:[0m spec: prefill (token-by-token) [3mprompt_len[0m[2m=[0m8
[2m2026-05-19T02:25:40.307151Z[0m [32m INFO[0m [2mtahoma_engine_sparse_moe::runner[0m[2m:[0m spec: prefill done [3msecs[0m[2m=[0m69.832460906
[2m2026-05-19T02:28:41.295471Z[0m [32m INFO[0m [2mtahoma_engine_sparse_moe::runner[0m[2m:[0m spec_decode done [3mtokens[0m[2m=[0m64 [3mn_rounds[0m[2m=[0m25 [3mtotal_drafts[0m[2m=[0m44 [3mtotal_accepted[0m[2m=[0m38 [3maccept_rate[0m[2m=[0m0.8636363744735718
[2m2026-05-19T02:28:41.302823Z[0m [32m INFO[0m [2mtahoma_engine_sparse_moe::engine[0m[2m:[0m task done (single-stage) [3mtask[0m[2m=[0mchatcmpl-44ddab48578345ba8187642d08b627ff [3mtokens[0m[2m=[0m64 [3melapsed_s[0m[2m=[0m250.833442969 [3mtok_s[0m[2m=[0m0.25514939013897614
[2m2026-05-19T02:28:41.352872Z[0m [32m INFO[0m [2mtahoma_engine_sparse_moe::engine[0m[2m:[0m using n-gram speculative decode [3mtask[0m[2m=[0mchatcmpl-461fff2b46b2459e97054814c18b3796 [3mdraft_k[0m[2m=[0m4 [3mlookahead[0m[2m=[0mtrue
[2m2026-05-19T02:28:41.352916Z[0m [32m INFO[0m [2mtahoma_engine_sparse_moe::runner[0m[2m:[0m spec: prefill (token-by-token) [3mprompt_len[0m[2m=[0m9
[2m2026-05-19T02:29:52.543419Z[0m [32m INFO[0m [2mtahoma_engine_sparse_moe::runner[0m[2m:[0m spec: prefill done [3msecs[0m[2m=[0m71.190486237
[2m2026-05-19T02:35:44.684215Z[0m [32m INFO[0m [2mtahoma_engine_sparse_moe::runner[0m[2m:[0m spec_decode done [3mtokens[0m[2m=[0m64 [3mn_rounds[0m[2m=[0m62 [3mtotal_drafts[0m[2m=[0m15 [3mtotal_accepted[0m[2m=[0m1 [3maccept_rate[0m[2m=[0m0.06666667014360428
[2m2026-05-19T02:35:44.701094Z[0m [32m INFO[0m [2mtahoma_engine_sparse_moe::engine[0m[2m:[0m task done (single-stage) [3mtask[0m[2m=[0mchatcmpl-461fff2b46b2459e97054814c18b3796 [3mtokens[0m[2m=[0m64 [3melapsed_s[0m[2m=[0m423.352620564 [3mtok_s[0m[2m=[0m0.15117421480641302
[2m2026-05-19T02:35:44.793887Z[0m [32m INFO[0m [2mtahoma_engine_sparse_moe::engine[0m[2m:[0m using n-gram speculative decode [3mtask[0m[2m=[0mchatcmpl-f5b2a99224f4458ca79718bf1c94c74c [3mdraft_k[0m[2m=[0m4 [3mlookahead[0m[2m=[0mtrue
[2m2026-05-19T02:35:44.794007Z[0m [32m INFO[0m [2mtahoma_engine_sparse_moe::runner[0m[2m:[0m spec: prefill (token-by-token) [3mprompt_len[0m[2m=[0m9
[2m2026-05-19T02:37:13.967018Z[0m [32m INFO[0m [2mtahoma_engine_sparse_moe::runner[0m[2m:[0m spec: prefill done [3msecs[0m[2m=[0m89.173000245
[2m2026-05-19T02:40:15.688439Z[0m [32m INFO[0m [2mtahoma_engine_sparse_moe::runner[0m[2m:[0m spec_decode done [3mtokens[0m[2m=[0m64 [3mn_rounds[0m[2m=[0m16 [3mtotal_drafts[0m[2m=[0m48 [3mtotal_accepted[0m[2m=[0m48 [3maccept_rate[0m[2m=[0m1.0
[2m2026-05-19T02:40:15.694627Z[0m [32m INFO[0m [2mtahoma_engine_sparse_moe::engine[0m[2m:[0m task done (single-stage) [3mtask[0m[2m=[0mchatcmpl-f5b2a99224f4458ca79718bf1c94c74c [3mtokens[0m[2m=[0m64 [3melapsed_s[0m[2m=[0m270.908212679 [3mtok_s[0m[2m=[0m0.23624237658617536
[2m2026-05-19T02:40:15.785189Z[0m [32m INFO[0m [2mtahoma_engine_sparse_moe::engine[0m[2m:[0m using n-gram speculative decode [3mtask[0m[2m=[0mchatcmpl-7a96914e9cce4e96ab285f4485908663 [3mdraft_k[0m[2m=[0m4 [3mlookahead[0m[2m=[0mtrue
[2m2026-05-19T02:40:15.785307Z[0m [32m INFO[0m [2mtahoma_engine_sparse_moe::runner[0m[2m:[0m spec: prefill (token-by-token) [3mprompt_len[0m[2m=[0m8
[2m2026-05-19T02:41:21.986790Z[0m [32m INFO[0m [2mtahoma_engine_sparse_moe::runner[0m[2m:[0m spec: prefill done [3msecs[0m[2m=[0m66.201471779
[2m2026-05-19T02:45:41.281201Z[0m [32m INFO[0m [2mtahoma_engine_sparse_moe::runner[0m[2m:[0m spec_decode done [3mtokens[0m[2m=[0m64 [3mn_rounds[0m[2m=[0m41 [3mtotal_drafts[0m[2m=[0m32 [3mtotal_accepted[0m[2m=[0m22 [3maccept_rate[0m[2m=[0m0.6875
[2m2026-05-19T02:45:41.293260Z[0m [32m INFO[0m [2mtahoma_engine_sparse_moe::engine[0m[2m:[0m task done (single-stage) [3mtask[0m[2m=[0mchatcmpl-7a96914e9cce4e96ab285f4485908663 [3mtokens[0m[2m=[0m64 [3melapsed_s[0m[2m=[0m325.515796397 [3mtok_s[0m[2m=[0m0.1966110422547526
[2m2026-05-19T02:45:41.382797Z[0m [32m INFO[0m [2mtahoma_engine_sparse_moe::engine[0m[2m:[0m using n-gram speculative decode [3mtask[0m[2m=[0mchatcmpl-8594cd217f8c4eee9838a90bd6306827 [3mdraft_k[0m[2m=[0m4 [3mlookahead[0m[2m=[0mtrue
[2m2026-05-19T02:45:41.382848Z[0m [32m INFO[0m [2mtahoma_engine_sparse_moe::runner[0m[2m:[0m spec: prefill (token-by-token) [3mprompt_len[0m[2m=[0m10
[2m2026-05-19T02:46:58.049881Z[0m [32m INFO[0m [2mtahoma_engine_sparse_moe::runner[0m[2m:[0m spec: prefill done [3msecs[0m[2m=[0m76.667010796
[2m2026-05-19T02:52:22.549098Z[0m [32m INFO[0m [2mtahoma_engine_sparse_moe::runner[0m[2m:[0m spec_decode done [3mtokens[0m[2m=[0m64 [3mn_rounds[0m[2m=[0m39 [3mtotal_drafts[0m[2m=[0m32 [3mtotal_accepted[0m[2m=[0m24 [3maccept_rate[0m[2m=[0m0.75
[2m2026-05-19T02:52:22.572875Z[0m [32m INFO[0m [2mtahoma_engine_sparse_moe::engine[0m[2m:[0m task done (single-stage) [3mtask[0m[2m=[0mchatcmpl-8594cd217f8c4eee9838a90bd6306827 [3mtokens[0m[2m=[0m64 [3melapsed_s[0m[2m=[0m401.196061135 [3mtok_s[0m[2m=[0m0.15952300184339147
