python : 2026-05-02 08:08:25,909 INFO tahoma.cli | engine=ov-runtime rank=1/2 device=GPU 
model=C:\cascadia\shards_2stage_v3 namespace=default
At line:1 char:56
+ ...  C:\tahoma; python -m tahoma worker --rank 1 --total 2 --engine ov-ru ...
+                 ~~~~~~~~~~~~~~~~~~~~~~~~~~~~~~~~~~~~~~~~~~~~~~~~~~~~~~~~~
    + CategoryInfo          : NotSpecified: (2026-05-02 08:0...mespace=default:String) [], RemoteException
    + FullyQualifiedErrorId : NativeCommandError
 
2026-05-02 08:08:27,053 INFO tahoma.worker.runner | connect: upstream=PeerEndpoint(host='10.10.10.2', port=9100) 
downstream=None
2026-05-02 08:08:27,053 INFO tahoma.worker.transport | ActivationServer listening on 10.10.10.2:9100
2026-05-02 08:08:30,156 INFO tahoma.worker.transport | ActivationServer accepted connection from ('10.10.10.1', 51861)
2026-05-02 08:08:30,459 INFO tahoma.worker.runner | load: reading C:\cascadia\shards_2stage_v3
2026-05-02 08:08:30,459 INFO tahoma.worker.runner | load: compiling OV shard
2026-05-02 08:08:47,848 INFO tahoma.worker.runner | load: loading rotary + tokenizer
2026-05-02 08:08:55,626 INFO tahoma.worker.runner | load: ready
2026-05-02 08:08:56,153 INFO tahoma.worker.runner | build engine
2026-05-02 08:08:56,153 INFO tahoma.worker.runner | warmup
2026-05-02 08:08:56,154 INFO tahoma.worker.engines.openvino.ov_runtime | warmup skipped on non-first stage
2026-05-02 08:08:56,154 INFO tahoma.worker.runner | runner ready
2026-05-02 08:08:56,154 INFO tahoma.cli | entering relay loop
2026-05-02 08:09:00,368 INFO tahoma.worker.runner | transport closed: socket closed during recv
