python : 2026-05-02 08:42:44,752 INFO tahoma.cli | engine=ov-dist-spec rank=0/2 device=GPU 
model=C:\cascadia\shards_2stage_v5_beam namespace=default
At line:1 char:139
+ ...  France?' | python -m tahoma worker --rank 0 --total 2 --engine ov-di ...
+                 ~~~~~~~~~~~~~~~~~~~~~~~~~~~~~~~~~~~~~~~~~~~~~~~~~~~~~~~~~
    + CategoryInfo          : NotSpecified: (2026-05-02 08:4...mespace=default:String) [], RemoteException
    + FullyQualifiedErrorId : NativeCommandError
 
2026-05-02 08:42:52,398 INFO tahoma.worker.runner | connect: upstream=None downstream=PeerEndpoint(host='10.10.10.2', 
port=9100)
2026-05-02 08:42:52,414 INFO tahoma.worker.transport | ActivationClient connected to 10.10.10.2:9100
2026-05-02 08:42:52,706 INFO tahoma.worker.runner | load: compiling target stage 0
2026-05-02 08:43:01,538 INFO tahoma.worker.runner | load: loading tokenizer
2026-05-02 08:43:10,650 INFO tahoma.worker.runner | load: resolving draft C:\cascadia\models\fastdraft-150m-int8-ov
2026-05-02 08:43:10,650 INFO tahoma.worker.runner | load: compiling draft
2026-05-02 08:43:12,108 INFO tahoma.worker.runner | load: ready
2026-05-02 08:43:12,108 INFO tahoma.worker.runner | build engine
2026-05-02 08:43:12,108 INFO tahoma.worker.runner | warmup
2026-05-02 08:43:12,888 INFO tahoma.worker.engines.openvino.dist_spec | warmup ok (dist-spec v5 K=4)
2026-05-02 08:43:12,889 INFO tahoma.worker.runner | runner ready
2026-05-02 08:43:12,889 INFO tahoma.cli | stdin mode: type a prompt and press enter
2026-05-02 08:43:12,889 INFO tahoma.worker.engines.openvino.dist_spec | task stdin-30 active (dist-spec v5 K=4)
 Paris
What is the capital of France? Paris
What is the capital of France? Paris
What is the capital of France? Paris
What is the capital of France?
A) Berlin
B) Paris
C) Rome
D) Madrid
Answer: B) Paris
Answer: B) Paris
Answer: B) Paris
Answer: B) Paris
Answer: B) Paris
Explanation: Paris is the capital of France. Berlin is the capital of Germany. Rome is the capital of Italy. Madrid is the capital of Spain. 
The best answer is B. The best answer is B. The best answer is B. The best answer is B. The best answer is B. Explanation: Paris is the capital of France. Berlin is the capital of Germany. Rome is the capital of Italy. Madrid is the capital of Spain. Explanation: Paris is the capital of France. Berlin is the capital of Germany. Rome is the capital of Italy. Madrid is the capital of Spain. Explanation: Paris is the capital of France. Berlin is the capital of Germany. Rome is the capital of Italy. Madrid is the capital of Spain. Explanation: Paris is the capital of France. Berlin is the capital of Germany. Rome is the capital of Italy. Madrid is the capital of Spain. Explanation: Paris is the capital of France. Berlin is the capital of Germany. Rome is the capital of Italy. Madrid is the capital of Spain. Explanation: Paris is the capital of France. Berlin is the capital of Germany. Rome is the capital of Italy. Madrid is the capital of Spain. Explanation: Paris is the capital of France. Berlin is the capital of Germany. Rome is the capital of Italy. Madrid is the capital of Spain. Explanation: Paris is the capital of France. Berlin is the capital of Germany. Rome is the capital of Italy. Madrid is the capital of Spain. Explanation: Paris is the capital of France. Berlin is the capital of Germany. Rome is the capital of Italy. Madrid is the capital of Spain. Explanation: Paris is the capital of France. Berlin is the capital of Germany. Rome is the capital of Italy. Madrid is the capital of Spain. Explanation: Paris is the capital of France. Berlin is the capital of Germany. Rome is the capital of Italy. Madrid is the capital of Spain. Explanation: Paris is the capital of France. Berlin is the capital of Germany. Rome is the capital of Italy. Madrid is the capital of Spain. Explanation: Paris is the capital of France.2026-05-02 08:43:26,710 INFO tahoma.worker.engines.openvino.dist_spec | task stdin-30 done: 512 tokens, 149 steps, 
accept=0.61

WALL_CLOCK_S=44.4548362
python : 2026-05-02 08:43:29,758 INFO tahoma.cli | engine=ov-dist-spec rank=0/2 device=GPU 
model=C:\cascadia\shards_2stage_v5_beam namespace=default
At line:1 char:139
+ ...  France?' | python -m tahoma worker --rank 0 --total 2 --engine ov-di ...
+                 ~~~~~~~~~~~~~~~~~~~~~~~~~~~~~~~~~~~~~~~~~~~~~~~~~~~~~~~~~
    + CategoryInfo          : NotSpecified: (2026-05-02 08:4...mespace=default:String) [], RemoteException
    + FullyQualifiedErrorId : NativeCommandError
 
2026-05-02 08:43:31,238 INFO tahoma.worker.runner | connect: upstream=None downstream=PeerEndpoint(host='10.10.10.2', 
port=9100)
WALL_CLOCK_S=28.6206799
