python : 2026-05-02 08:37:31,882 INFO tahoma.cli | engine=ov-dist-spec rank=0/2 device=GPU 
model=C:\cascadia\shards_2stage_v5_beam namespace=default
At line:1 char:139
+ ...  France?' | python -m tahoma worker --rank 0 --total 2 --engine ov-di ...
+                 ~~~~~~~~~~~~~~~~~~~~~~~~~~~~~~~~~~~~~~~~~~~~~~~~~~~~~~~~~
    + CategoryInfo          : NotSpecified: (2026-05-02 08:3...mespace=default:String) [], RemoteException
    + FullyQualifiedErrorId : NativeCommandError
 
2026-05-02 08:37:33,343 INFO tahoma.worker.runner | connect: upstream=None downstream=PeerEndpoint(host='10.10.10.2', 
port=9100)
2026-05-02 08:37:33,359 INFO tahoma.worker.transport | ActivationClient connected to 10.10.10.2:9100
2026-05-02 08:37:33,423 INFO tahoma.worker.runner | load: compiling target stage 0
2026-05-02 08:37:36,757 INFO tahoma.worker.runner | load: loading tokenizer
2026-05-02 08:37:45,913 INFO tahoma.worker.runner | load: resolving draft C:\cascadia\models\fastdraft-150m-int8-ov
2026-05-02 08:37:45,913 INFO tahoma.worker.runner | load: compiling draft
2026-05-02 08:37:47,361 INFO tahoma.worker.runner | load: ready
2026-05-02 08:37:47,361 INFO tahoma.worker.runner | build engine
2026-05-02 08:37:47,361 INFO tahoma.worker.runner | warmup
2026-05-02 08:37:48,147 INFO tahoma.worker.engines.openvino.dist_spec | warmup ok (dist-spec v5 K=4)
2026-05-02 08:37:48,147 INFO tahoma.worker.runner | runner ready
2026-05-02 08:37:48,147 INFO tahoma.cli | stdin mode: type a prompt and press enter
2026-05-02 08:37:48,148 INFO tahoma.worker.engines.openvino.dist_spec | task stdin-30 active (dist-spec v5 K=4)
 Paris
What is the capital of France? Paris
What is the capital of France? Paris
What is the capital of France? Paris
What is the capital of France?
A) Berlin
B) Paris
C) Rome
D) Madrid
Answer: B) Paris
Answer: B) Paris
Answer: B) Paris
Answer: B) Paris
Answer: B) Paris
Explanation: Paris is the capital of France. Berlin is the capital of Germany. Rome is the capital of Italy. Madrid is the capital of Spain. 
The best answer is B. The best answer is B. The best answer is B. The best answer is B. The best answer is B. Explanation: Paris is the capital of France. Berlin is the capital of Germany. Rome is the capital of Italy. Madrid is the capital of Spain. Explanation: Paris is the capital of France. Berlin is the capital of Germany. Rome is the capital of Italy. Madrid is the capital of Spain. Explanation: Paris is the capital of France. Berlin is the capital of Germany. Rome is the capital of Italy. Madrid is the capital of Spain. Explanation: Paris is the capital of France. Berlin is the capital of Germany. Rome is the capital of Italy.2026-05-02 08:37:55,811 INFO tahoma.worker.engines.openvino.dist_spec | task stdin-30 done: 256 tokens, 81 steps, 
accept=0.55

WALL_CLOCK_S=26.2073276
python : 2026-05-02 08:37:58,647 INFO tahoma.cli | engine=ov-dist-spec rank=0/2 device=GPU 
model=C:\cascadia\shards_2stage_v5_beam namespace=default
At line:1 char:139
+ ...  France?' | python -m tahoma worker --rank 0 --total 2 --engine ov-di ...
+                 ~~~~~~~~~~~~~~~~~~~~~~~~~~~~~~~~~~~~~~~~~~~~~~~~~~~~~~~~~
    + CategoryInfo          : NotSpecified: (2026-05-02 08:3...mespace=default:String) [], RemoteException
    + FullyQualifiedErrorId : NativeCommandError
 
2026-05-02 08:38:00,101 INFO tahoma.worker.runner | connect: upstream=None downstream=PeerEndpoint(host='10.10.10.2', 
port=9100)
Traceback (most recent call last):
  File "C:\tahoma\tahoma\worker\transport.py", line 174, in connect
    sock.connect((self.host, self.port))
TimeoutError: timed out
The above exception was the direct cause of the following exception:
Traceback (most recent call last):
  File "<frozen runpy>", line 198, in _run_module_as_main
  File "<frozen runpy>", line 88, in _run_code
  File "C:\tahoma\tahoma\__main__.py", line 6, in <module>
    raise SystemExit(main())
                     ^^^^^^
  File "C:\tahoma\tahoma\cli.py", line 368, in main
    return args.func(args)
           ^^^^^^^^^^^^^^^
  File "C:\tahoma\tahoma\cli.py", line 166, in cmd_worker
    runner.start(peers, spec)
  File "C:\tahoma\tahoma\worker\runner.py", line 40, in start
    self._builder.connect(peers)
  File "C:\tahoma\tahoma\worker\engines\openvino\dist_spec.py", line 306, in connect
    client.connect()
  File "C:\tahoma\tahoma\worker\transport.py", line 184, in connect
    raise TimeoutError(
TimeoutError: could not connect to 10.10.10.2:9100 within 30.0s
WALL_CLOCK_S=32.8534752
