python : 2026-05-02 10:07:27,933 INFO tahoma.cli | engine=ov-dist-spec rank=1/2 device=GPU 
model=C:\cascadia\shards_2s_14_18 namespace=default
At line:1 char:56
+ ...  C:\tahoma; python -m tahoma worker --rank 1 --total 2 --engine ov-di ...
+                 ~~~~~~~~~~~~~~~~~~~~~~~~~~~~~~~~~~~~~~~~~~~~~~~~~~~~~~~~~
    + CategoryInfo          : NotSpecified: (2026-05-02 10:0...mespace=default:String) [], RemoteException
    + FullyQualifiedErrorId : NativeCommandError
 
2026-05-02 10:07:29,076 INFO tahoma.worker.runner | connect: upstream=PeerEndpoint(host='10.10.10.2', port=9100) 
downstream=None
2026-05-02 10:07:29,076 INFO tahoma.worker.transport | ActivationServer listening on 10.10.10.2:9100
2026-05-02 10:07:32,215 INFO tahoma.worker.transport | ActivationServer accepted connection from ('10.10.10.1', 57060)
2026-05-02 10:07:32,529 INFO tahoma.worker.runner | load: compiling stage 1
Traceback (most recent call last):
  File "<frozen runpy>", line 198, in _run_module_as_main
  File "<frozen runpy>", line 88, in _run_code
  File "C:\tahoma\tahoma\__main__.py", line 6, in <module>
    raise SystemExit(main())
                     ^^^^^^
  File "C:\tahoma\tahoma\cli.py", line 361, in main
    return args.func(args)
           ^^^^^^^^^^^^^^^
  File "C:\tahoma\tahoma\cli.py", line 166, in cmd_worker
    runner.start(peers, spec)
  File "C:\tahoma\tahoma\worker\runner.py", line 41, in start
    for progress in self._builder.load(shard):
  File "C:\tahoma\tahoma\worker\engines\openvino\dist_spec.py", line 540, in load
    raise RuntimeError(f"stage {self._rank} IR is missing v5 inputs: {sorted(missing)}")
RuntimeError: stage 1 IR is missing v5 inputs: ['attention_mask', 'beam_idx', 'position_ids']
