python : 2026-05-02 10:08:25,275 INFO tahoma.cli | engine=ov-runtime rank=1/2 device=GPU 
model=C:\cascadia\shards_2stage_v3 namespace=default
At line:1 char:56
+ ...  C:\tahoma; python -m tahoma worker --rank 1 --total 2 --engine ov-ru ...
+                 ~~~~~~~~~~~~~~~~~~~~~~~~~~~~~~~~~~~~~~~~~~~~~~~~~~~~~~~~~
    + CategoryInfo          : NotSpecified: (2026-05-02 10:0...mespace=default:String) [], RemoteException
    + FullyQualifiedErrorId : NativeCommandError
 
2026-05-02 10:08:26,408 INFO tahoma.worker.runner | connect: upstream=PeerEndpoint(host='10.10.10.2', port=9100) 
downstream=None
2026-05-02 10:08:26,408 INFO tahoma.worker.transport | ActivationServer listening on 10.10.10.2:9100
2026-05-02 10:08:29,686 INFO tahoma.worker.transport | ActivationServer accepted connection from ('10.10.10.1', 57064)
2026-05-02 10:08:30,003 INFO tahoma.worker.runner | load: reading C:\cascadia\shards_2stage_v3
2026-05-02 10:08:30,003 INFO tahoma.worker.runner | load: compiling OV shard
2026-05-02 10:08:37,892 INFO tahoma.worker.runner | load: loading rotary + tokenizer
2026-05-02 10:08:45,901 INFO tahoma.worker.runner | load: ready
2026-05-02 10:08:46,467 INFO tahoma.worker.runner | build engine
2026-05-02 10:08:46,467 INFO tahoma.worker.runner | warmup
2026-05-02 10:08:46,467 INFO tahoma.worker.engines.openvino.ov_runtime | warmup skipped on non-first stage
2026-05-02 10:08:46,467 INFO tahoma.worker.runner | runner ready
2026-05-02 10:08:46,467 INFO tahoma.cli | entering relay loop
2026-05-02 10:09:05,762 INFO tahoma.worker.runner | transport closed: socket closed during recv
